#-----------------------------------------------------------
# Vivado v2020.1 (64-bit)
# SW Build 2902540 on Wed May 27 19:54:49 MDT 2020
# IP Build 2902112 on Wed May 27 22:43:36 MDT 2020
# Start of session at: Mon Apr 21 12:54:29 2025
# Process ID: 10080
# Current directory: C:/Users/raufa/OneDrive/Desktop/Skeeball_counter_complete/Skeeball_counter_complete/SKEEBALL/Skeeball_project
# Command line: vivado.exe -gui_launcher_event rodinguilauncherevent9480 C:\Users\raufa\OneDrive\Desktop\Skeeball_counter_complete\Skeeball_counter_complete\SKEEBALL\Skeeball_project\Skeeball_project.xpr
# Log file: C:/Users/raufa/OneDrive/Desktop/Skeeball_counter_complete/Skeeball_counter_complete/SKEEBALL/Skeeball_project/vivado.log
# Journal file: C:/Users/raufa/OneDrive/Desktop/Skeeball_counter_complete/Skeeball_counter_complete/SKEEBALL/Skeeball_project\vivado.jou
#-----------------------------------------------------------
start_gui
open_project C:/Users/raufa/OneDrive/Desktop/Skeeball_counter_complete/Skeeball_counter_complete/SKEEBALL/Skeeball_project/Skeeball_project.xpr
update_compile_order -fileset sources_1
open_hw_manager
connect_hw_server -allow_non_jtag
open_hw_target
set_property PROGRAM.FILE {C:/Users/raufa/OneDrive/Desktop/Skeeball_counter_complete/Skeeball_counter_complete/SKEEBALL/Skeeball_project/Skeeball_project.runs/impl_1/Top_Level_Module.bit} [get_hw_devices xc7a35t_0]
current_hw_device [get_hw_devices xc7a35t_0]
refresh_hw_device -update_hw_probes false [lindex [get_hw_devices xc7a35t_0] 0]
set_property PROBES.FILE {} [get_hw_devices xc7a35t_0]
set_property FULL_PROBES.FILE {} [get_hw_devices xc7a35t_0]
set_property PROGRAM.FILE {C:/Users/raufa/OneDrive/Desktop/Skeeball_counter_complete/Skeeball_counter_complete/SKEEBALL/Skeeball_project/Skeeball_project.runs/impl_1/Top_Level_Module.bit} [get_hw_devices xc7a35t_0]
program_hw_devices [get_hw_devices xc7a35t_0]
refresh_hw_device [lindex [get_hw_devices xc7a35t_0] 0]
reset_run synth_1
launch_runs impl_1 -jobs 16
wait_on_run impl_1
close_hw_manager
open_run impl_1
place_ports S1 G2
save_constraints
reset_run impl_1
launch_runs impl_1 -to_step write_bitstream -jobs 16
wait_on_run impl_1
open_hw_manager
connect_hw_server -allow_non_jtag
open_hw_target
set_property PROGRAM.FILE {C:/Users/raufa/OneDrive/Desktop/Skeeball_counter_complete/Skeeball_counter_complete/SKEEBALL/Skeeball_project/Skeeball_project.runs/impl_1/Top_Level_Module.bit} [get_hw_devices xc7a35t_0]
current_hw_device [get_hw_devices xc7a35t_0]
refresh_hw_device -update_hw_probes false [lindex [get_hw_devices xc7a35t_0] 0]
set_property PROBES.FILE {} [get_hw_devices xc7a35t_0]
set_property FULL_PROBES.FILE {} [get_hw_devices xc7a35t_0]
set_property PROGRAM.FILE {C:/Users/raufa/OneDrive/Desktop/Skeeball_counter_complete/Skeeball_counter_complete/SKEEBALL/Skeeball_project/Skeeball_project.runs/impl_1/Top_Level_Module.bit} [get_hw_devices xc7a35t_0]
program_hw_devices [get_hw_devices xc7a35t_0]
refresh_hw_device [lindex [get_hw_devices xc7a35t_0] 0]
close_hw_manager
close_design
open_hw_manager
connect_hw_server -allow_non_jtag
open_hw_target
set_property PROGRAM.FILE {C:/Users/raufa/OneDrive/Desktop/Skeeball_counter_complete/Skeeball_counter_complete/SKEEBALL/Skeeball_project/Skeeball_project.runs/impl_1/Top_Level_Module.bit} [get_hw_devices xc7a35t_0]
current_hw_device [get_hw_devices xc7a35t_0]
refresh_hw_device -update_hw_probes false [lindex [get_hw_devices xc7a35t_0] 0]
set_property PROBES.FILE {} [get_hw_devices xc7a35t_0]
set_property FULL_PROBES.FILE {} [get_hw_devices xc7a35t_0]
set_property PROGRAM.FILE {C:/Users/raufa/OneDrive/Desktop/Skeeball_counter_complete/Skeeball_counter_complete/SKEEBALL/Skeeball_project/Skeeball_project.runs/impl_1/Top_Level_Module.bit} [get_hw_devices xc7a35t_0]
program_hw_devices [get_hw_devices xc7a35t_0]
refresh_hw_device [lindex [get_hw_devices xc7a35t_0] 0]
reset_run synth_1
launch_runs impl_1 -to_step write_bitstream -jobs 16
wait_on_run impl_1
close_hw_manager
open_hw_manager
connect_hw_server -allow_non_jtag
open_hw_target
set_property PROGRAM.FILE {C:/Users/raufa/OneDrive/Desktop/Skeeball_counter_complete/Skeeball_counter_complete/SKEEBALL/Skeeball_project/Skeeball_project.runs/impl_1/Top_Level_Module.bit} [get_hw_devices xc7a35t_0]
current_hw_device [get_hw_devices xc7a35t_0]
refresh_hw_device -update_hw_probes false [lindex [get_hw_devices xc7a35t_0] 0]
set_property PROBES.FILE {} [get_hw_devices xc7a35t_0]
set_property FULL_PROBES.FILE {} [get_hw_devices xc7a35t_0]
set_property PROGRAM.FILE {C:/Users/raufa/OneDrive/Desktop/Skeeball_counter_complete/Skeeball_counter_complete/SKEEBALL/Skeeball_project/Skeeball_project.runs/impl_1/Top_Level_Module.bit} [get_hw_devices xc7a35t_0]
program_hw_devices [get_hw_devices xc7a35t_0]
refresh_hw_device [lindex [get_hw_devices xc7a35t_0] 0]
reset_run synth_1
launch_runs impl_1 -to_step write_bitstream -jobs 16
wait_on_run impl_1
reset_run impl_1 -prev_step 
launch_runs impl_1 -to_step write_bitstream -jobs 16
wait_on_run impl_1
reset_run impl_1 -prev_step 
reset_run impl_1 -prev_step 
launch_runs impl_1 -to_step write_bitstream -jobs 16
wait_on_run impl_1
set_property PROBES.FILE {} [get_hw_devices xc7a35t_0]
set_property FULL_PROBES.FILE {} [get_hw_devices xc7a35t_0]
set_property PROGRAM.FILE {C:/Users/raufa/OneDrive/Desktop/Skeeball_counter_complete/Skeeball_counter_complete/SKEEBALL/Skeeball_project/Skeeball_project.runs/impl_1/Top_Level_Module.bit} [get_hw_devices xc7a35t_0]
program_hw_devices [get_hw_devices xc7a35t_0]
refresh_hw_device [lindex [get_hw_devices xc7a35t_0] 0]
reset_run synth_1
launch_runs impl_1 -to_step write_bitstream -jobs 16
wait_on_run impl_1
set_property PROBES.FILE {} [get_hw_devices xc7a35t_0]
set_property FULL_PROBES.FILE {} [get_hw_devices xc7a35t_0]
set_property PROGRAM.FILE {C:/Users/raufa/OneDrive/Desktop/Skeeball_counter_complete/Skeeball_counter_complete/SKEEBALL/Skeeball_project/Skeeball_project.runs/impl_1/Top_Level_Module.bit} [get_hw_devices xc7a35t_0]
program_hw_devices [get_hw_devices xc7a35t_0]
refresh_hw_device [lindex [get_hw_devices xc7a35t_0] 0]
set_property PROBES.FILE {} [get_hw_devices xc7a35t_0]
set_property FULL_PROBES.FILE {} [get_hw_devices xc7a35t_0]
set_property PROGRAM.FILE {C:/Users/raufa/OneDrive/Desktop/Skeeball_counter_complete/Skeeball_counter_complete/SKEEBALL/Skeeball_project/Skeeball_project.runs/impl_1/Top_Level_Module.bit} [get_hw_devices xc7a35t_0]
program_hw_devices [get_hw_devices xc7a35t_0]
refresh_hw_device [lindex [get_hw_devices xc7a35t_0] 0]
set_property PROBES.FILE {} [get_hw_devices xc7a35t_0]
set_property FULL_PROBES.FILE {} [get_hw_devices xc7a35t_0]
set_property PROGRAM.FILE {C:/Users/raufa/OneDrive/Desktop/Skeeball_counter_complete/Skeeball_counter_complete/SKEEBALL/Skeeball_project/Skeeball_project.runs/impl_1/Top_Level_Module.bit} [get_hw_devices xc7a35t_0]
program_hw_devices [get_hw_devices xc7a35t_0]
refresh_hw_device [lindex [get_hw_devices xc7a35t_0] 0]
set_property PROBES.FILE {} [get_hw_devices xc7a35t_0]
set_property FULL_PROBES.FILE {} [get_hw_devices xc7a35t_0]
set_property PROGRAM.FILE {C:/Users/raufa/OneDrive/Desktop/Skeeball_counter_complete/Skeeball_counter_complete/SKEEBALL/Skeeball_project/Skeeball_project.runs/impl_1/Top_Level_Module.bit} [get_hw_devices xc7a35t_0]
program_hw_devices [get_hw_devices xc7a35t_0]
refresh_hw_device [lindex [get_hw_devices xc7a35t_0] 0]
set_property PROBES.FILE {} [get_hw_devices xc7a35t_0]
set_property FULL_PROBES.FILE {} [get_hw_devices xc7a35t_0]
set_property PROGRAM.FILE {C:/Users/raufa/OneDrive/Desktop/Skeeball_counter_complete/Skeeball_counter_complete/SKEEBALL/Skeeball_project/Skeeball_project.runs/impl_1/Top_Level_Module.bit} [get_hw_devices xc7a35t_0]
program_hw_devices [get_hw_devices xc7a35t_0]
refresh_hw_device [lindex [get_hw_devices xc7a35t_0] 0]
set_property PROBES.FILE {} [get_hw_devices xc7a35t_0]
set_property FULL_PROBES.FILE {} [get_hw_devices xc7a35t_0]
set_property PROGRAM.FILE {C:/Users/raufa/OneDrive/Desktop/Skeeball_counter_complete/Skeeball_counter_complete/SKEEBALL/Skeeball_project/Skeeball_project.runs/impl_1/Top_Level_Module.bit} [get_hw_devices xc7a35t_0]
program_hw_devices [get_hw_devices xc7a35t_0]
refresh_hw_device [lindex [get_hw_devices xc7a35t_0] 0]
disconnect_hw_server localhost:3121
connect_hw_server -allow_non_jtag
open_hw_target
set_property PROGRAM.FILE {C:/Users/raufa/OneDrive/Desktop/Skeeball_counter_complete/Skeeball_counter_complete/SKEEBALL/Skeeball_project/Skeeball_project.runs/impl_1/Top_Level_Module.bit} [get_hw_devices xc7a35t_0]
current_hw_device [get_hw_devices xc7a35t_0]
refresh_hw_device -update_hw_probes false [lindex [get_hw_devices xc7a35t_0] 0]
set_property PROBES.FILE {} [get_hw_devices xc7a35t_0]
set_property FULL_PROBES.FILE {} [get_hw_devices xc7a35t_0]
set_property PROGRAM.FILE {C:/Users/raufa/OneDrive/Desktop/Skeeball_counter_complete/Skeeball_counter_complete/SKEEBALL/Skeeball_project/Skeeball_project.runs/impl_1/Top_Level_Module.bit} [get_hw_devices xc7a35t_0]
program_hw_devices [get_hw_devices xc7a35t_0]
refresh_hw_device [lindex [get_hw_devices xc7a35t_0] 0]
reset_run synth_1
launch_runs impl_1 -to_step write_bitstream -jobs 16
wait_on_run impl_1
set_property PROBES.FILE {} [get_hw_devices xc7a35t_0]
set_property FULL_PROBES.FILE {} [get_hw_devices xc7a35t_0]
set_property PROGRAM.FILE {C:/Users/raufa/OneDrive/Desktop/Skeeball_counter_complete/Skeeball_counter_complete/SKEEBALL/Skeeball_project/Skeeball_project.runs/impl_1/Top_Level_Module.bit} [get_hw_devices xc7a35t_0]
program_hw_devices [get_hw_devices xc7a35t_0]
refresh_hw_device [lindex [get_hw_devices xc7a35t_0] 0]
reset_run synth_1
launch_runs impl_1 -to_step write_bitstream -jobs 16
wait_on_run impl_1
set_property PROBES.FILE {} [get_hw_devices xc7a35t_0]
set_property FULL_PROBES.FILE {} [get_hw_devices xc7a35t_0]
set_property PROGRAM.FILE {C:/Users/raufa/OneDrive/Desktop/Skeeball_counter_complete/Skeeball_counter_complete/SKEEBALL/Skeeball_project/Skeeball_project.runs/impl_1/Top_Level_Module.bit} [get_hw_devices xc7a35t_0]
program_hw_devices [get_hw_devices xc7a35t_0]
refresh_hw_device [lindex [get_hw_devices xc7a35t_0] 0]
set_property PROBES.FILE {} [get_hw_devices xc7a35t_0]
set_property FULL_PROBES.FILE {} [get_hw_devices xc7a35t_0]
set_property PROGRAM.FILE {C:/Users/raufa/OneDrive/Desktop/Skeeball_counter_complete/Skeeball_counter_complete/SKEEBALL/Skeeball_project/Skeeball_project.runs/impl_1/Top_Level_Module.bit} [get_hw_devices xc7a35t_0]
program_hw_devices [get_hw_devices xc7a35t_0]
refresh_hw_device [lindex [get_hw_devices xc7a35t_0] 0]
reset_run synth_1
launch_runs impl_1 -to_step write_bitstream -jobs 16
wait_on_run impl_1
set_property PROBES.FILE {} [get_hw_devices xc7a35t_0]
set_property FULL_PROBES.FILE {} [get_hw_devices xc7a35t_0]
set_property PROGRAM.FILE {C:/Users/raufa/OneDrive/Desktop/Skeeball_counter_complete/Skeeball_counter_complete/SKEEBALL/Skeeball_project/Skeeball_project.runs/impl_1/Top_Level_Module.bit} [get_hw_devices xc7a35t_0]
program_hw_devices [get_hw_devices xc7a35t_0]
refresh_hw_device [lindex [get_hw_devices xc7a35t_0] 0]
reset_run synth_1
launch_runs impl_1 -to_step write_bitstream -jobs 16
wait_on_run impl_1
set_property PROBES.FILE {} [get_hw_devices xc7a35t_0]
set_property FULL_PROBES.FILE {} [get_hw_devices xc7a35t_0]
set_property PROGRAM.FILE {C:/Users/raufa/OneDrive/Desktop/Skeeball_counter_complete/Skeeball_counter_complete/SKEEBALL/Skeeball_project/Skeeball_project.runs/impl_1/Top_Level_Module.bit} [get_hw_devices xc7a35t_0]
program_hw_devices [get_hw_devices xc7a35t_0]
refresh_hw_device [lindex [get_hw_devices xc7a35t_0] 0]
reset_run synth_1
launch_runs impl_1 -to_step write_bitstream -jobs 16
wait_on_run impl_1
open_run impl_1
place_ports S2 G3
save_constraints
reset_run impl_1
launch_runs impl_1 -to_step write_bitstream -jobs 16
wait_on_run impl_1
place_ports S3 J2
save_constraints -force
reset_run impl_1 -prev_step 
reset_run impl_1
launch_runs impl_1 -to_step write_bitstream -jobs 16
wait_on_run impl_1
set_property PROBES.FILE {} [get_hw_devices xc7a35t_0]
set_property FULL_PROBES.FILE {} [get_hw_devices xc7a35t_0]
set_property PROGRAM.FILE {C:/Users/raufa/OneDrive/Desktop/Skeeball_counter_complete/Skeeball_counter_complete/SKEEBALL/Skeeball_project/Skeeball_project.runs/impl_1/Top_Level_Module.bit} [get_hw_devices xc7a35t_0]
program_hw_devices [get_hw_devices xc7a35t_0]
refresh_hw_device [lindex [get_hw_devices xc7a35t_0] 0]
set_property PROBES.FILE {} [get_hw_devices xc7a35t_0]
set_property FULL_PROBES.FILE {} [get_hw_devices xc7a35t_0]
set_property PROGRAM.FILE {C:/Users/raufa/OneDrive/Desktop/Skeeball_counter_complete/Skeeball_counter_complete/SKEEBALL/Skeeball_project/Skeeball_project.runs/impl_1/Top_Level_Module.bit} [get_hw_devices xc7a35t_0]
program_hw_devices [get_hw_devices xc7a35t_0]
refresh_hw_device [lindex [get_hw_devices xc7a35t_0] 0]
set_property PROBES.FILE {} [get_hw_devices xc7a35t_0]
set_property FULL_PROBES.FILE {} [get_hw_devices xc7a35t_0]
set_property PROGRAM.FILE {C:/Users/raufa/OneDrive/Desktop/Skeeball_counter_complete/Skeeball_counter_complete/SKEEBALL/Skeeball_project/Skeeball_project.runs/impl_1/Top_Level_Module.bit} [get_hw_devices xc7a35t_0]
program_hw_devices [get_hw_devices xc7a35t_0]
refresh_hw_device [lindex [get_hw_devices xc7a35t_0] 0]
set_property PROBES.FILE {} [get_hw_devices xc7a35t_0]
set_property FULL_PROBES.FILE {} [get_hw_devices xc7a35t_0]
set_property PROGRAM.FILE {C:/Users/raufa/OneDrive/Desktop/Skeeball_counter_complete/Skeeball_counter_complete/SKEEBALL/Skeeball_project/Skeeball_project.runs/impl_1/Top_Level_Module.bit} [get_hw_devices xc7a35t_0]
program_hw_devices [get_hw_devices xc7a35t_0]
refresh_hw_device [lindex [get_hw_devices xc7a35t_0] 0]
reset_run synth_1
launch_runs impl_1 -to_step write_bitstream -jobs 16
wait_on_run impl_1
reset_run synth_1
launch_runs impl_1 -to_step write_bitstream -jobs 16
wait_on_run impl_1
set_property PROBES.FILE {} [get_hw_devices xc7a35t_0]
set_property FULL_PROBES.FILE {} [get_hw_devices xc7a35t_0]
set_property PROGRAM.FILE {C:/Users/raufa/OneDrive/Desktop/Skeeball_counter_complete/Skeeball_counter_complete/SKEEBALL/Skeeball_project/Skeeball_project.runs/impl_1/Top_Level_Module.bit} [get_hw_devices xc7a35t_0]
program_hw_devices [get_hw_devices xc7a35t_0]
refresh_hw_device [lindex [get_hw_devices xc7a35t_0] 0]
reset_run synth_1
launch_runs impl_1 -to_step write_bitstream -jobs 16
wait_on_run impl_1
set_property PROBES.FILE {} [get_hw_devices xc7a35t_0]
set_property FULL_PROBES.FILE {} [get_hw_devices xc7a35t_0]
set_property PROGRAM.FILE {C:/Users/raufa/OneDrive/Desktop/Skeeball_counter_complete/Skeeball_counter_complete/SKEEBALL/Skeeball_project/Skeeball_project.runs/impl_1/Top_Level_Module.bit} [get_hw_devices xc7a35t_0]
program_hw_devices [get_hw_devices xc7a35t_0]
refresh_hw_device [lindex [get_hw_devices xc7a35t_0] 0]
set_property PROBES.FILE {} [get_hw_devices xc7a35t_0]
set_property FULL_PROBES.FILE {} [get_hw_devices xc7a35t_0]
set_property PROGRAM.FILE {C:/Users/raufa/OneDrive/Desktop/Skeeball_counter_complete/Skeeball_counter_complete/SKEEBALL/Skeeball_project/Skeeball_project.runs/impl_1/Top_Level_Module.bit} [get_hw_devices xc7a35t_0]
program_hw_devices [get_hw_devices xc7a35t_0]
refresh_hw_device [lindex [get_hw_devices xc7a35t_0] 0]
set_property PROBES.FILE {} [get_hw_devices xc7a35t_0]
set_property FULL_PROBES.FILE {} [get_hw_devices xc7a35t_0]
set_property PROGRAM.FILE {C:/Users/raufa/OneDrive/Desktop/Skeeball_counter_complete/Skeeball_counter_complete/SKEEBALL/Skeeball_project/Skeeball_project.runs/impl_1/Top_Level_Module.bit} [get_hw_devices xc7a35t_0]
program_hw_devices [get_hw_devices xc7a35t_0]
refresh_hw_device [lindex [get_hw_devices xc7a35t_0] 0]
reset_run synth_1
launch_runs impl_1 -to_step write_bitstream -jobs 16
wait_on_run impl_1
set_property PROBES.FILE {} [get_hw_devices xc7a35t_0]
set_property FULL_PROBES.FILE {} [get_hw_devices xc7a35t_0]
set_property PROGRAM.FILE {C:/Users/raufa/OneDrive/Desktop/Skeeball_counter_complete/Skeeball_counter_complete/SKEEBALL/Skeeball_project/Skeeball_project.runs/impl_1/Top_Level_Module.bit} [get_hw_devices xc7a35t_0]
program_hw_devices [get_hw_devices xc7a35t_0]
refresh_hw_device [lindex [get_hw_devices xc7a35t_0] 0]
reset_run synth_1
launch_runs impl_1 -to_step write_bitstream -jobs 16
wait_on_run impl_1
set_property PROBES.FILE {} [get_hw_devices xc7a35t_0]
set_property FULL_PROBES.FILE {} [get_hw_devices xc7a35t_0]
set_property PROGRAM.FILE {C:/Users/raufa/OneDrive/Desktop/Skeeball_counter_complete/Skeeball_counter_complete/SKEEBALL/Skeeball_project/Skeeball_project.runs/impl_1/Top_Level_Module.bit} [get_hw_devices xc7a35t_0]
program_hw_devices [get_hw_devices xc7a35t_0]
refresh_hw_device [lindex [get_hw_devices xc7a35t_0] 0]
reset_run synth_1
launch_runs impl_1 -to_step write_bitstream -jobs 16
wait_on_run impl_1
set_property PROBES.FILE {} [get_hw_devices xc7a35t_0]
set_property FULL_PROBES.FILE {} [get_hw_devices xc7a35t_0]
set_property PROGRAM.FILE {C:/Users/raufa/OneDrive/Desktop/Skeeball_counter_complete/Skeeball_counter_complete/SKEEBALL/Skeeball_project/Skeeball_project.runs/impl_1/Top_Level_Module.bit} [get_hw_devices xc7a35t_0]
program_hw_devices [get_hw_devices xc7a35t_0]
refresh_hw_device [lindex [get_hw_devices xc7a35t_0] 0]
reset_run synth_1
launch_runs impl_1 -to_step write_bitstream -jobs 16
wait_on_run impl_1
set_property PROBES.FILE {} [get_hw_devices xc7a35t_0]
set_property FULL_PROBES.FILE {} [get_hw_devices xc7a35t_0]
set_property PROGRAM.FILE {C:/Users/raufa/OneDrive/Desktop/Skeeball_counter_complete/Skeeball_counter_complete/SKEEBALL/Skeeball_project/Skeeball_project.runs/impl_1/Top_Level_Module.bit} [get_hw_devices xc7a35t_0]
program_hw_devices [get_hw_devices xc7a35t_0]
refresh_hw_device [lindex [get_hw_devices xc7a35t_0] 0]
reset_run synth_1
launch_runs impl_1 -to_step write_bitstream -jobs 16
wait_on_run impl_1
set_property PROBES.FILE {} [get_hw_devices xc7a35t_0]
set_property FULL_PROBES.FILE {} [get_hw_devices xc7a35t_0]
set_property PROGRAM.FILE {C:/Users/raufa/OneDrive/Desktop/Skeeball_counter_complete/Skeeball_counter_complete/SKEEBALL/Skeeball_project/Skeeball_project.runs/impl_1/Top_Level_Module.bit} [get_hw_devices xc7a35t_0]
program_hw_devices [get_hw_devices xc7a35t_0]
refresh_hw_device [lindex [get_hw_devices xc7a35t_0] 0]
close_hw_manager
close_design
